Warning: Permanently added '192.168.1.103' (ED25519) to the list of known hosts.
=== cpuinfo ===
processor	: 0
model name	: Annapurna Labs Alpine AL212 Dual-core ARM Cortex-A15 CPU @ 1.70GHz
Speed		: 1.7GHz
Features	: half thumb fastmult vfp edsp neon vfpv3 tls vfpv4 idiva idivt vfpd32 lpae evtstrm 
CPU implementer	: 0x41
CPU architecture: 7
CPU variant	: 0x2
CPU part	: 0xc0f
CPU revision	: 4

processor	: 1
model name	: Annapurna Labs Alpine AL212 Dual-core ARM Cortex-A15 CPU @ 1.70GHz
Speed		: 1.7GHz
Features	: half thumb fastmult vfp edsp neon vfpv3 tls vfpv4 idiva idivt vfpd32 lpae evtstrm 
CPU implementer	: 0x41
CPU architecture: 7
CPU variant	: 0x2
CPU part	: 0xc0f
CPU revision	: 4

Hardware	: Annapurna Labs Alpine
Revision	: 0000
Serial		: 0000000000000000
=== mtd ===
dev:    size   erasesize  name
mtd0: 00110000 00001000 "loader"
mtd1: 00060000 00001000 "env"
mtd2: 02000000 00020000 "boot1_kernel"
mtd3: 0d800000 00020000 "boot1_rootfs2"
mtd4: 02000000 00020000 "boot2_kernel"
mtd5: 0d800000 00020000 "boot2_rootfs2"
mtd6: 00f00000 00020000 "config"
=== cmdline ===
pci=pcie_bus_perf console=ttyS0,115200 root=/dev/ram mtdparts=mx_nand:32M(boot1_kernel),216M(boot1_rootfs2),32M(boot2_kernel),216M(boot2_rootfs2),15M(config);spi0.0:1088K(loader)ro,384K(env) zswap.enabled=0 zswap.compressor=lz4 memmap=2M$0x7000000 ramoops.mem_address=0x7000000 ramoops.mem_size=0x200000 ramoops.console_size=0x100000
=== meminfo ===
MemTotal:        1024284 kB
MemFree:           89428 kB
MemAvailable:     251428 kB
Buffers:           11832 kB
Cached:           493880 kB
=== dmesg boot ===
[    0.000000] Booting Linux on physical CPU 0x0
[    0.000000] Initializing cgroup subsys cpuset
[    0.000000] Initializing cgroup subsys cpu
[    0.000000] Initializing cgroup subsys cpuacct
[    0.000000] Linux version 4.2.8 (root@mini-builder-05) (gcc version 4.8.2 20131014 (prerelease) (crosstool-NG linaro-1.13.1-4.8-2013.10 - Linaro GCC 2013.10) ) #2 SMP Wed Jan 8 03:50:14 CST 2025
[    0.000000] CPU: ARMv7 Processor [412fc0f4] revision 4 (ARMv7), cr=30c5387d
[    0.000000] CPU: PIPT / VIPT nonaliasing data cache, PIPT instruction cache
[    0.000000] Machine model: Annapurna Labs Alpine Dev Board
[    0.000000] Forcing write-allocate cache policy for SMP
[    0.000000] Memory policy: Data cache writealloc
[    0.000000] On node 0 totalpages: 262144
[    0.000000] free_area_init_node: node 0, pgdat 81fa5280, node_mem_map bf5fa000
[    0.000000]   DMA zone: 2560 pages used for memmap
[    0.000000]   DMA zone: 0 pages reserved
[    0.000000]   DMA zone: 262144 pages, LIFO batch:31
[    0.000000] PERCPU: Embedded 11 pages/cpu @bf5b8000 s13824 r8192 d23040 u45056
[    0.000000] pcpu-alloc: s13824 r8192 d23040 u45056 alloc=11*4096
[    0.000000] pcpu-alloc: [0] 0 [0] 1 [0] 2 [0] 3 
[    0.000000] Built 1 zonelists in Zone order, mobility grouping on.  Total pages: 259584
[    0.000000] Kernel command line: pci=pcie_bus_perf console=ttyS0,115200 root=/dev/ram mtdparts=mx_nand:32M(boot1_kernel),216M(boot1_rootfs2),32M(boot2_kernel),216M(boot2_rootfs2),15M(config);spi0.0:1088K(loader)ro,384K(env) zswap.enabled=0 zswap.compressor=lz4 memmap=2M$0x7000000 ramoops.mem_address=0x7000000 ramoops.mem_size=0x200000 ramoops.console_size=0x100000
[    0.000000] PID hash table entries: 4096 (order: 2, 16384 bytes)
[    0.000000] Dentry cache hash table entries: 131072 (order: 7, 524288 bytes)
[    0.000000] Inode-cache hash table entries: 65536 (order: 6, 262144 bytes)
[    0.000000] Memory: 1002228K/1048576K available (7705K kernel code, 383K rwdata, 2332K rodata, 22056K init, 455K bss, 46348K reserved, 0K cma-reserved)
[    0.000000] Virtual kernel memory layout:
[    0.000000]     vector  : 0xffff0000 - 0xffff1000   (   4 kB)
[    0.000000]     fixmap  : 0xffc00000 - 0xfff00000   (3072 kB)
[    0.000000]     vmalloc : 0xc0800000 - 0xff000000   (1000 MB)
[    0.000000]     lowmem  : 0x80000000 - 0xc0000000   (1024 MB)
[    0.000000]     modules : 0x7ec00000 - 0x80000000   (  20 MB)
[    0.000000]       .text : 0x80008000 - 0x809d56e8   (10038 kB)
[    0.000000]       .init : 0x809d6000 - 0x81f60000   (22056 kB)
[    0.000000]       .data : 0x81f60000 - 0x81fbfca8   ( 384 kB)
[    0.000000]        .bss : 0x81fc2000 - 0x82033c80   ( 456 kB)
[    0.000000] Hierarchical RCU implementation.
[    0.000000] 	Build-time adjustment of leaf fanout to 32.
[    0.000000] NR_IRQS:16 nr_irqs:16 16
[    0.000000] GIC: Using split EOI/Deactivate mode
[    0.000000] Unable to parse MSI base, using default: 161
[    0.000000] Unable to parse MSI count, using default: 158
[    0.000000] al-msix: registering 158 msixs, starting with 161
[    0.000000] Architected cp15 timer(s) running at 50.00MHz (phys).
[    0.000000] clocksource: arch_sys_counter: mask: 0xffffffffffffff max_cycles: 0xb8812736b, max_idle_ns: 440795202655 ns
[    0.000002] sched_clock: 56 bits at 50MHz, resolution 20ns, wraps every 4398046511100ns
[    0.000007] Switching to timer-based delay loop, resolution 20ns
[    0.000059] clocksource: arm,sp804: mask: 0xffffffff max_cycles: 0xffffffff, max_idle_ns: 5096694524 ns
[    0.000067] sched_clock: 32 bits at 375MHz, resolution 2ns, wraps every 5726622718ns
[    0.000291] Console: colour dummy device 80x30
[    0.000301] Calibrating delay loop (skipped), value calculated using timer frequency.. 100.00 BogoMIPS (lpj=500000)
[    0.000308] pid_max: default: 32768 minimum: 301
[    0.000357] Security Framework initialized
[    0.000370] qlsm: initialized
[    0.000390] Mount-cache hash table entries: 2048 (order: 1, 8192 bytes)
[    0.000395] Mountpoint-cache hash table entries: 2048 (order: 1, 8192 bytes)
[    0.000697] Initializing cgroup subsys blkio
[    0.000704] Initializing cgroup subsys memory
[    0.000720] Initializing cgroup subsys devices
[    0.000729] Initializing cgroup subsys freezer
[    0.000750] CPU: Testing write buffer coherency: ok
[    0.000854] CPU speed: 1.7GHz
[    0.000870] CPU0: update cpu_capacity 1024
[    0.000874] CPU0: thread -1, cpu 0, socket 0, mpidr 80000000
[    0.000917] Setting up static identity map for 0x82c0 - 0x82f4
[    0.002902] CPU1: update cpu_capacity 1024
[    0.002905] CPU1: thread -1, cpu 1, socket 0, mpidr 80000001
[    1.000305] CPU2: failed to come online
[    2.000643] CPU3: failed to come online
[    2.000666] Brought up 2 CPUs
[    2.000671] SMP: Total of 2 processors activated (200.00 BogoMIPS).
[    2.000674] CPU: All CPU(s) started in HYP mode.
[    2.000677] CPU: Virtualization extensions available.
[    2.000878] devtmpfs: initialized
[    2.004006] VFP support v0.3: implementor 41 architecture 4 part 30 variant f rev 0
[    2.004089] clocksource: jiffies: mask: 0xffffffff max_cycles: 0xffffffff, max_idle_ns: 19112604462750000 ns
[    2.004225] xor: measuring software checksum speed
[    2.100688]    arm4regs  :  3703.600 MB/sec
[    2.200733]    8regs     :  2919.600 MB/sec
[    2.300772]    32regs    :  2500.000 MB/sec
[    2.300776] xor: using function: arm4regs (3703.600 MB/sec)
[    2.300997] NET: Registered protocol family 16
